{ "type": "suite", "event": "started", "test_count": 70 }
{ "type": "test", "event": "started", "name": "dataset_migrate_down::case_1_a" }
{ "type": "test", "event": "started", "name": "dataset_migrate_up::case_1_a" }
{ "type": "test", "event": "started", "name": "delete_single" }
{ "type": "test", "event": "started", "name": "downgrade" }
{ "type": "test", "event": "started", "name": "insert_single" }
{ "type": "test", "event": "started", "name": "object_migrate_down::case_1_a" }
{ "type": "test", "event": "started", "name": "object_migrate_down::case_2_b" }
{ "type": "test", "event": "started", "name": "object_migrate_down::case_3_c" }
{ "type": "test", "event": "started", "name": "object_migrate_down::case_4_d" }
{ "type": "test", "event": "started", "name": "object_migrate_invalid_size::case_1_a" }
{ "type": "test", "event": "started", "name": "object_migrate_invalid_size::case_2_b" }
{ "type": "test", "name": "dataset_migrate_up::case_1_a", "event": "ok" }
{ "type": "test", "event": "started", "name": "object_migrate_invalid_size::case_3_c" }
{ "type": "test", "name": "dataset_migrate_down::case_1_a", "event": "ok" }
{ "type": "test", "event": "started", "name": "object_migrate_invalid_size::case_4_d" }
{ "type": "test", "name": "object_migrate_invalid_size::case_1_a", "event": "ok" }
{ "type": "test", "event": "started", "name": "object_migrate_invalid_tier::case_1_a" }
{ "type": "test", "name": "object_migrate_down::case_1_a", "event": "ok" }
{ "type": "test", "event": "started", "name": "object_migrate_invalid_tier::case_2_b" }
{ "type": "test", "name": "downgrade", "event": "ok" }
{ "type": "test", "event": "started", "name": "object_migrate_invalid_tier::case_3_c" }
{ "type": "test", "name": "object_migrate_invalid_tier::case_1_a", "event": "ok" }
{ "type": "test", "event": "started", "name": "object_migrate_invalid_tier::case_4_d" }
{ "type": "test", "name": "insert_single", "event": "ok" }
{ "type": "test", "event": "started", "name": "object_migrate_nochange::case_1_a" }
{ "type": "test", "name": "object_migrate_invalid_size::case_2_b", "event": "ok" }
{ "type": "test", "event": "started", "name": "object_migrate_nochange::case_2_b" }
{ "type": "test", "name": "delete_single", "event": "ok" }
{ "type": "test", "event": "started", "name": "object_migrate_nochange::case_3_c" }
{ "type": "test", "name": "object_migrate_invalid_tier::case_2_b", "event": "ok" }
{ "type": "test", "event": "started", "name": "object_migrate_nochange::case_4_d" }
{ "type": "test", "name": "object_migrate_nochange::case_1_a", "event": "ok" }
{ "type": "test", "event": "started", "name": "object_migrate_up::case_1_a" }
{ "type": "test", "name": "object_migrate_down::case_2_b", "event": "ok" }
{ "type": "test", "event": "started", "name": "object_migrate_up::case_2_b" }
{ "type": "test", "name": "object_migrate_up::case_1_a", "event": "ok" }
{ "type": "test", "event": "started", "name": "object_migrate_up::case_3_c" }
{ "type": "test", "name": "object_migrate_nochange::case_2_b", "event": "ok" }
{ "type": "test", "event": "started", "name": "object_migrate_up::case_4_d" }
{ "type": "test", "name": "object_migrate_up::case_2_b", "event": "ok" }
{ "type": "test", "event": "started", "name": "overwrite_buffer::case_1_a" }
{ "type": "test", "name": "object_migrate_invalid_tier::case_3_c", "event": "ok" }
{ "type": "test", "event": "started", "name": "overwrite_buffer::case_2_b" }
{ "type": "test", "name": "object_migrate_nochange::case_3_c", "event": "ok" }
{ "type": "test", "event": "started", "name": "rename" }
{ "type": "test", "name": "rename", "event": "ok" }
{ "type": "test", "event": "started", "name": "space_accounting_smoke" }
{ "type": "test", "name": "space_accounting_smoke", "event": "ok" }
{ "type": "test", "event": "started", "name": "sparse" }
{ "type": "test", "name": "object_migrate_invalid_size::case_3_c", "event": "ok" }
{ "type": "test", "event": "started", "name": "write_block::case_1_a" }
{ "type": "test", "name": "write_block::case_1_a", "event": "ok" }
{ "type": "test", "event": "started", "name": "write_block::case_2_b" }
{ "type": "test", "name": "write_block::case_2_b", "event": "ok" }
{ "type": "test", "event": "started", "name": "write_block::case_3_c" }
{ "type": "test", "name": "object_migrate_up::case_3_c", "event": "ok" }
{ "type": "test", "event": "started", "name": "write_block::case_4_d" }
{ "type": "test", "name": "object_migrate_down::case_3_c", "event": "ok" }
{ "type": "test", "event": "started", "name": "write_block::case_5_e" }
{ "type": "test", "name": "sparse", "event": "ok" }
{ "type": "test", "event": "started", "name": "write_block::case_6_f" }
{ "type": "test", "name": "write_block::case_3_c", "event": "ok" }
{ "type": "test", "event": "started", "name": "write_block::case_7_g" }
{ "type": "test", "name": "write_block::case_4_d", "event": "ok" }
{ "type": "test", "event": "started", "name": "write_block::case_8_h" }
{ "type": "test", "name": "object_migrate_nochange::case_4_d", "event": "ok" }
{ "type": "test", "event": "started", "name": "write_delete_essential_size::case_1_a" }
{ "type": "test", "name": "object_migrate_invalid_tier::case_4_d", "event": "ok" }
{ "type": "test", "event": "started", "name": "write_delete_essential_size::case_2_b" }
{ "type": "test", "name": "write_block::case_5_e", "event": "ok" }
{ "type": "test", "event": "started", "name": "write_delete_essential_size::case_3_c" }
{ "type": "test", "name": "object_migrate_invalid_size::case_4_d", "event": "ok" }
{ "type": "test", "event": "started", "name": "write_delete_essential_size::case_4_d" }
{ "type": "test", "name": "write_delete_essential_size::case_1_a", "event": "failed", "stdout": "-------------- TEST START --------------\nthread 'write_delete_essential_size::case_1_a' panicked at 'Could not sync database: Error(TreeError(Error(DmuError(Error(OutOfSpaceError, State { next_error: None, backtrace: InternalBacktrace { backtrace: None } })), State { next_error: None, backtrace: InternalBacktrace { backtrace: None } })), State { next_error: None, backtrace: InternalBacktrace { backtrace: None } })', betree/tests/src/lib.rs:464:15\nnote: run with `RUST_BACKTRACE=1` environment variable to display a backtrace\n" }
{ "type": "test", "event": "started", "name": "write_delete_essential_size::case_5_e" }
{ "type": "test", "name": "object_migrate_up::case_4_d", "event": "ok" }
{ "type": "test", "event": "started", "name": "write_delete_essential_size::case_6_f" }
{ "type": "test", "name": "overwrite_buffer::case_1_a", "event": "ok" }
{ "type": "test", "event": "started", "name": "write_delete_sequence::case_1_a" }
{ "type": "test", "name": "write_delete_sequence::case_1_a", "event": "ok" }
{ "type": "test", "event": "started", "name": "write_delete_sequence::case_2_b" }
{ "type": "test", "name": "write_delete_sequence::case_2_b", "event": "ok" }
{ "type": "test", "event": "started", "name": "write_delete_sequence::case_3_c" }
{ "type": "test", "name": "write_delete_sequence::case_3_c", "event": "ok" }
{ "type": "test", "event": "started", "name": "write_delete_sequence::case_4_d" }
{ "type": "test", "name": "write_delete_sequence::case_4_d", "event": "ok" }
{ "type": "test", "event": "started", "name": "write_full::case_01_a" }
{ "type": "test", "name": "overwrite_buffer::case_2_b", "event": "failed", "stdout": "-------------- TEST START --------------\nthread 'overwrite_buffer::case_2_b' panicked at 'Could not sync database: Error(TreeError(Error(DmuError(Error(OutOfSpaceError, State { next_error: None, backtrace: InternalBacktrace { backtrace: None } })), State { next_error: None, backtrace: InternalBacktrace { backtrace: None } })), State { next_error: None, backtrace: InternalBacktrace { backtrace: None } })', betree/tests/src/lib.rs:497:15\n" }
{ "type": "test", "event": "started", "name": "write_full::case_02_b" }
{ "type": "test", "name": "write_delete_essential_size::case_2_b", "event": "failed", "stdout": "-------------- TEST START --------------\nthread 'write_delete_essential_size::case_2_b' panicked at 'Could not write buffer of size 400MB: (409731072, Error(TreeError(Error(DmuError(Error(OutOfSpaceError, State { next_error: None, backtrace: InternalBacktrace { backtrace: None } })), State { next_error: None, backtrace: InternalBacktrace { backtrace: None } })), State { next_error: None, backtrace: InternalBacktrace { backtrace: None } }))', betree/tests/src/lib.rs:462:32\n" }
{ "type": "test", "event": "started", "name": "write_full::case_03_c" }
{ "type": "test", "name": "write_block::case_6_f", "event": "ok" }
{ "type": "test", "event": "started", "name": "write_full::case_04_d" }
{ "type": "test", "name": "write_full::case_01_a", "event": "ok" }
{ "type": "test", "event": "started", "name": "write_full::case_05_e" }
{ "type": "test", "name": "write_full::case_02_b", "event": "ok" }
{ "type": "test", "event": "started", "name": "write_full::case_06_f" }
{ "type": "test", "event": "timeout", "name": "object_migrate_down::case_4_d" }
{ "type": "test", "name": "write_full::case_03_c", "event": "ok" }
{ "type": "test", "event": "started", "name": "write_full::case_07_g" }
{ "type": "test", "name": "write_full::case_04_d", "event": "ok" }
{ "type": "test", "event": "started", "name": "write_full::case_08_h" }
{ "type": "test", "name": "write_block::case_7_g", "event": "ok" }
{ "type": "test", "event": "started", "name": "write_full::case_09_i" }
{ "type": "test", "name": "write_full::case_05_e", "event": "ok" }
{ "type": "test", "event": "started", "name": "write_full::case_10_j" }
{ "type": "test", "event": "timeout", "name": "write_block::case_8_h" }
{ "type": "test", "event": "timeout", "name": "write_delete_essential_size::case_3_c" }
{ "type": "test", "event": "timeout", "name": "write_delete_essential_size::case_4_d" }
{ "type": "test", "event": "timeout", "name": "write_delete_essential_size::case_5_e" }
{ "type": "test", "event": "timeout", "name": "write_delete_essential_size::case_6_f" }
{ "type": "test", "name": "write_full::case_06_f", "event": "ok" }
{ "type": "test", "event": "started", "name": "write_overfull::case_1_a" }
{ "type": "test", "name": "write_full::case_07_g", "event": "ok" }
{ "type": "test", "event": "started", "name": "write_overfull::case_2_b" }
{ "type": "test", "name": "write_delete_essential_size::case_3_c", "event": "failed", "stdout": "-------------- TEST START --------------\nthread 'write_delete_essential_size::case_3_c' panicked at 'Could not sync database: Error(TreeError(Error(DmuError(Error(OutOfSpaceError, State { next_error: None, backtrace: InternalBacktrace { backtrace: None } })), State { next_error: None, backtrace: InternalBacktrace { backtrace: None } })), State { next_error: None, backtrace: InternalBacktrace { backtrace: None } })', betree/tests/src/lib.rs:464:15\n" }
{ "type": "test", "event": "started", "name": "write_overfull::case_3_c" }
{ "type": "test", "name": "write_overfull::case_1_a", "event": "failed", "stdout": "-------------- TEST START --------------\nthread '<unnamed>' panicked at 'Writing of 1047.552 MiB into 1024 MiB storage succeeded (Growth Factor 1.1): 998244352', betree/tests/src/lib.rs:350:31\nthread 'write_overfull::case_1_a' panicked at 'Timeout 60s expired', /home/fred/.cargo/registry/src/github.com-1ecc6299db9ec823/rstest-0.13.0/src/timeout.rs:14:29\n" }
{ "type": "test", "event": "started", "name": "write_overfull::case_4_d" }
{ "type": "test", "name": "write_full::case_09_i", "event": "ok" }
{ "type": "test", "event": "started", "name": "write_overfull::case_5_e" }
{ "type": "test", "name": "write_overfull::case_2_b", "event": "failed", "stdout": "-------------- TEST START --------------\nthread '<unnamed>' panicked at 'Writing of 1070.08 MiB into 1024 MiB storage succeeded (Growth Factor 1.1): 1019215872', betree/tests/src/lib.rs:350:31\nthread 'write_overfull::case_2_b' panicked at 'Timeout 60s expired', /home/fred/.cargo/registry/src/github.com-1ecc6299db9ec823/rstest-0.13.0/src/timeout.rs:14:29\n" }
{ "type": "test", "event": "started", "name": "write_overfull::case_6_f" }
{ "type": "test", "name": "write_full::case_08_h", "event": "ok" }
{ "type": "test", "event": "started", "name": "write_overfull::case_7_g" }
{ "type": "test", "name": "write_overfull::case_3_c", "event": "failed", "stdout": "-------------- TEST START --------------\nthread '<unnamed>' panicked at 'Writing of 1092.608 MiB into 1024 MiB storage succeeded (Growth Factor 1.1): 1041235968', betree/tests/src/lib.rs:350:31\nthread 'write_overfull::case_3_c' panicked at 'Timeout 60s expired', /home/fred/.cargo/registry/src/github.com-1ecc6299db9ec823/rstest-0.13.0/src/timeout.rs:14:29\n" }
{ "type": "test", "event": "started", "name": "write_sequence::case_1_a" }
{ "type": "test", "name": "write_sequence::case_1_a", "event": "ok" }
{ "type": "test", "event": "started", "name": "write_sequence::case_2_b" }
{ "type": "test", "name": "object_migrate_down::case_4_d", "event": "ok" }
{ "type": "test", "event": "started", "name": "write_sequence::case_3_c" }
{ "type": "test", "name": "write_sequence::case_2_b", "event": "ok" }
{ "type": "test", "event": "started", "name": "write_sequence::case_4_d" }
{ "type": "test", "name": "write_sequence::case_3_c", "event": "ok" }
{ "type": "test", "event": "started", "name": "write_sequence_random_fill::case_1_a" }
{ "type": "test", "name": "write_full::case_10_j", "event": "ok" }
{ "type": "test", "name": "write_sequence::case_4_d", "event": "ok" }
{ "type": "test", "name": "write_overfull::case_4_d", "event": "failed", "stdout": "-------------- TEST START --------------\nthread '<unnamed>' panicked at 'Writing of 1115.136 MiB into 1024 MiB storage succeeded (Growth Factor 1.1): 1062207488', betree/tests/src/lib.rs:350:31\nthread 'write_overfull::case_4_d' panicked at 'Timeout 60s expired', /home/fred/.cargo/registry/src/github.com-1ecc6299db9ec823/rstest-0.13.0/src/timeout.rs:14:29\n" }
{ "type": "test", "name": "write_block::case_8_h", "event": "ok" }
{ "type": "test", "name": "write_delete_essential_size::case_5_e", "event": "failed", "stdout": "-------------- TEST START --------------\nthread 'write_delete_essential_size::case_5_e' panicked at 'Could not write buffer of size 900MB: (337248256, Error(TreeError(Error(DmuError(Error(OutOfSpaceError, State { next_error: None, backtrace: InternalBacktrace { backtrace: None } })), State { next_error: None, backtrace: InternalBacktrace { backtrace: None } })), State { next_error: None, backtrace: InternalBacktrace { backtrace: None } }))', betree/tests/src/lib.rs:462:32\n" }
{ "type": "test", "name": "write_sequence_random_fill::case_1_a", "event": "ok" }
{ "type": "test", "name": "write_overfull::case_5_e", "event": "failed", "stdout": "-------------- TEST START --------------\nthread '<unnamed>' panicked at 'Writing of 1239.04 MiB into 1024 MiB storage succeeded (Growth Factor 1.1): 1180696576', betree/tests/src/lib.rs:350:31\nthread 'write_overfull::case_5_e' panicked at 'Timeout 60s expired', /home/fred/.cargo/registry/src/github.com-1ecc6299db9ec823/rstest-0.13.0/src/timeout.rs:14:29\n" }
{ "type": "test", "name": "write_overfull::case_6_f", "event": "ok" }
{ "type": "test", "name": "write_overfull::case_7_g", "event": "ok" }
{ "type": "test", "name": "write_delete_essential_size::case_4_d", "event": "failed", "stdout": "-------------- TEST START --------------\nthread 'write_delete_essential_size::case_4_d' panicked at 'Could not write buffer of size 800MB: (548012032, Error(TreeError(Error(DmuError(Error(OutOfSpaceError, State { next_error: None, backtrace: InternalBacktrace { backtrace: None } })), State { next_error: None, backtrace: InternalBacktrace { backtrace: None } })), State { next_error: None, backtrace: InternalBacktrace { backtrace: None } }))', betree/tests/src/lib.rs:462:32\n" }
{ "type": "test", "name": "write_delete_essential_size::case_6_f", "event": "failed", "stdout": "-------------- TEST START --------------\nthread 'write_delete_essential_size::case_6_f' panicked at 'Could not sync database: Error(TreeError(Error(DmuError(Error(OutOfSpaceError, State { next_error: None, backtrace: InternalBacktrace { backtrace: None } })), State { next_error: None, backtrace: InternalBacktrace { backtrace: None } })), State { next_error: None, backtrace: InternalBacktrace { backtrace: None } })', betree/tests/src/lib.rs:454:15\n" }
{ "type": "suite", "event": "failed", "passed": 58, "failed": 12, "ignored": 0, "measured": 0, "filtered_out": 0, "exec_time": 125.46924652 }
